// Jest Snapshot v1, https://goo.gl/fbAQLP

exports[`editable todo list Snapshot 1`] = `
Object {
  "asFragment": [Function],
  "baseElement": <body>
    <div>
      <div
        class="EditableTodoList"
      >
        <div
          class="EditableTodo"
        >
          <div
            class="mb-3"
          >
            <div
              class="float-end text-sm-end"
            >
              <button
                class="EditableTodo-toggle btn-link btn btn-sm"
              >
                Edit
              </button>
              <button
                class="EditableTodo-delBtn btn-link btn btn-sm text-danger"
              >
                Del
              </button>
            </div>
            <div
              class="Todo"
            >
              <div
                class="Todo-title"
              >
                <b>
                  test1
                </b>
                <small>
                  (priority: 
                  1
                  )
                </small>
              </div>
              <div
                class="Todo-description"
              >
                <small>
                  testing1
                </small>
              </div>
            </div>
          </div>
        </div>
        <div
          class="EditableTodo"
        >
          <div
            class="mb-3"
          >
            <div
              class="float-end text-sm-end"
            >
              <button
                class="EditableTodo-toggle btn-link btn btn-sm"
              >
                Edit
              </button>
              <button
                class="EditableTodo-delBtn btn-link btn btn-sm text-danger"
              >
                Del
              </button>
            </div>
            <div
              class="Todo"
            >
              <div
                class="Todo-title"
              >
                <b>
                  test2
                </b>
                <small>
                  (priority: 
                  2
                  )
                </small>
              </div>
              <div
                class="Todo-description"
              >
                <small>
                  testing2
                </small>
              </div>
            </div>
          </div>
        </div>
      </div>
    </div>
  </body>,
  "container": <div>
    <div
      class="EditableTodoList"
    >
      <div
        class="EditableTodo"
      >
        <div
          class="mb-3"
        >
          <div
            class="float-end text-sm-end"
          >
            <button
              class="EditableTodo-toggle btn-link btn btn-sm"
            >
              Edit
            </button>
            <button
              class="EditableTodo-delBtn btn-link btn btn-sm text-danger"
            >
              Del
            </button>
          </div>
          <div
            class="Todo"
          >
            <div
              class="Todo-title"
            >
              <b>
                test1
              </b>
              <small>
                (priority: 
                1
                )
              </small>
            </div>
            <div
              class="Todo-description"
            >
              <small>
                testing1
              </small>
            </div>
          </div>
        </div>
      </div>
      <div
        class="EditableTodo"
      >
        <div
          class="mb-3"
        >
          <div
            class="float-end text-sm-end"
          >
            <button
              class="EditableTodo-toggle btn-link btn btn-sm"
            >
              Edit
            </button>
            <button
              class="EditableTodo-delBtn btn-link btn btn-sm text-danger"
            >
              Del
            </button>
          </div>
          <div
            class="Todo"
          >
            <div
              class="Todo-title"
            >
              <b>
                test2
              </b>
              <small>
                (priority: 
                2
                )
              </small>
            </div>
            <div
              class="Todo-description"
            >
              <small>
                testing2
              </small>
            </div>
          </div>
        </div>
      </div>
    </div>
  </div>,
  "debug": [Function],
  "findAllByAltText": [Function],
  "findAllByDisplayValue": [Function],
  "findAllByLabelText": [Function],
  "findAllByPlaceholderText": [Function],
  "findAllByRole": [Function],
  "findAllByTestId": [Function],
  "findAllByText": [Function],
  "findAllByTitle": [Function],
  "findByAltText": [Function],
  "findByDisplayValue": [Function],
  "findByLabelText": [Function],
  "findByPlaceholderText": [Function],
  "findByRole": [Function],
  "findByTestId": [Function],
  "findByText": [Function],
  "findByTitle": [Function],
  "getAllByAltText": [Function],
  "getAllByDisplayValue": [Function],
  "getAllByLabelText": [Function],
  "getAllByPlaceholderText": [Function],
  "getAllByRole": [Function],
  "getAllByTestId": [Function],
  "getAllByText": [Function],
  "getAllByTitle": [Function],
  "getByAltText": [Function],
  "getByDisplayValue": [Function],
  "getByLabelText": [Function],
  "getByPlaceholderText": [Function],
  "getByRole": [Function],
  "getByTestId": [Function],
  "getByText": [Function],
  "getByTitle": [Function],
  "queryAllByAltText": [Function],
  "queryAllByDisplayValue": [Function],
  "queryAllByLabelText": [Function],
  "queryAllByPlaceholderText": [Function],
  "queryAllByRole": [Function],
  "queryAllByTestId": [Function],
  "queryAllByText": [Function],
  "queryAllByTitle": [Function],
  "queryByAltText": [Function],
  "queryByDisplayValue": [Function],
  "queryByLabelText": [Function],
  "queryByPlaceholderText": [Function],
  "queryByRole": [Function],
  "queryByTestId": [Function],
  "queryByText": [Function],
  "queryByTitle": [Function],
  "rerender": [Function],
  "unmount": [Function],
}
`;
